[www.rincondelvago.com/index.html]
[apis.google.com/js/plusone.js]
[backblue.gif]
[fade.gif]
[index.html]
[cdnjs.cloudflare.com/ajax/libs/popper.js/1.12.3/umd/popper.min.js]
[www.google-analytics.com/analytics.js]
[ajax.googleapis.com/ajax/libs/jquery/3.2.1/jquery.min.js]
[securepubads.g.doubleclick.net/tag/js/f.txt]
[rdv-files.nyc3.digitaloceanspaces.com/prebid_20180527161408.js]
[maxcdn.bootstrapcdn.com/bootstrap/4.0.0-beta.2/js/bootstrap.min.js]
[maxcdn.bootstrapcdn.com/bootstrap/4.0.0-beta.2/css/bootstrap.min.css]
[cdnjs.cloudflare.com/ajax/libs/font-awesome/4.7.0/css/font-awesome.min.css]
[rdv-files.nyc3.cdn.digitaloceanspaces.com/rinvago/static-content/images/logo-rdv.png]
[www.rincondelvago.com/administracion_empresas.html]
[www.rincondelvago.com/agricultura.html]
[www.rincondelvago.com/alimentacion.html]
[www.rincondelvago.com/arquitectura_construccion.html]
[www.rincondelvago.com/arte_diseno_musica.html]
[www.rincondelvago.com/biologia.html]
[www.rincondelvago.com/ciencias_politicas.html]
[www.rincondelvago.com/cocina.html]
[www.rincondelvago.com/derecho.html]
[www.rincondelvago.com/ecologia.html]
[www.rincondelvago.com/economia_comercio.html]
[www.rincondelvago.com/educacion.html]
[www.rincondelvago.com/educacion_fisica_deporte.html]
[www.rincondelvago.com/electronica_mecanica.html]
[www.rincondelvago.com/estetica.html]
[www.rincondelvago.com/filosofia.html]
[www.rincondelvago.com/fisica_quimica.html]
[www.rincondelvago.com/geografia.html]
[www.rincondelvago.com/historia.html]
[www.rincondelvago.com/idiomas_linguistica.html]
[www.rincondelvago.com/informatica.html]
[www.rincondelvago.com/ingenieria.html]
[www.rincondelvago.com/literatura.html]
[www.rincondelvago.com/matematicas.html]
[www.rincondelvago.com/medicina_salud.html]
[www.rincondelvago.com/periodismo.html]
[www.rincondelvago.com/psicologia.html]
[www.rincondelvago.com/publicidad_relaciones_publicas.html]
[www.rincondelvago.com/sociologia_antropologia.html]
[www.rincondelvago.com/turismo.html]
[www.rincondelvago.com/varios.html]
[www.rincondelvago.com/veterinaria.html]
[www.rincondelvago.com/docs/index.html]
[rdv-files.nyc3.digitaloceanspaces.com/rinvago/static-content/bg-main-small.jpg]
[connect.facebook.net/en_US/sdk.js]
[www.rincondelvago.com/index50a4.html]
[www.rincondelvago.com/indexd04d.html]
[www.rincondelvago.com/servicios/condiciones.html]
[www.rincondelvago.com/index.html]
[maxcdn.bootstrapcdn.com/bootstrap/4.0.0-beta.2/css/bootstrap.min.css]
[rdv-files.nyc3.cdn.digitaloceanspaces.com/rinvago/static-content/images/comunity.png]
[rdv-files.nyc3.cdn.digitaloceanspaces.com/rinvago/static-content/images/homework.png]
[rdv-files.nyc3.cdn.digitaloceanspaces.com/rinvago/static-content/images/documents.png]
[rdv-files.nyc3.cdn.digitaloceanspaces.com/rinvago/static-content/css/main.20171127.css]
[cdnjs.cloudflare.com/ajax/libs/font-awesome/4.7.0/css/font-awesome.min.css]
[www.google.com/adsense/domains/cafd87f.js]
[d-1.co/pxd44e.js]
[d-1.co/px3143.js]
[img1.wsimg.com/parking-lander/static/css/1.9ffc3810.chunk.css]
[img1.wsimg.com/parking-lander/static/js/0.d5cecd22.chunk.js]
[img1.wsimg.com/parking-lander/static/js/1.3b3d13bc.chunk.js]
[img1.wsimg.com/parking-lander/static/js/main.1ae65d59.chunk.js]
[d-1.co/load.html]
[cdnjs.cloudflare.com/ajax/libs/select2/4.0.3/js/select2.min.js]
[cdnjs.cloudflare.com/ajax/libs/select2/4.0.3/css/select2.min.css]
[connect.facebook.net/es_ES/all.js]
[www.rincondelvago.com/administracion_empresas.html]
[www.rincondelvago.com/agricultura.html]
[www.rincondelvago.com/alimentacion.html]
[cdn.taboola.com/libtrc/stardigitalmedia-network/loader.js]
[www.rincondelvago.com/arquitectura_construccion.html]
[www.rincondelvago.com/administracion_empresas/index.html]
[www.rincondelvago.com/arte_diseno_musica.html]
[www.rincondelvago.com/agricultura/index.html]
[www.rincondelvago.com/alimentacion/index.html]
[www.rincondelvago.com/biologia.html]
[www.rincondelvago.com/ciencias_politicas.html]
[www.rincondelvago.com/arquitectura_construccion/index.html]
[www.rincondelvago.com/cocina.html]
[www.rincondelvago.com/arte_diseno_musica/index.html]
[www.rincondelvago.com/derecho.html]
[www.rincondelvago.com/biologia/index.html]
[www.rincondelvago.com/ciencias_politicas/index.html]
[www.rincondelvago.com/cocina/index.html]
[www.rincondelvago.com/ecologia.html]
[www.rincondelvago.com/economia_comercio.html]
[www.rincondelvago.com/educacion.html]
[www.rincondelvago.com/derecho/index.html]
[www.rincondelvago.com/educacion_fisica_deporte.html]
[www.rincondelvago.com/ecologia/index.html]
[www.rincondelvago.com/electronica_mecanica.html]
[www.rincondelvago.com/estetica.html]
[www.rincondelvago.com/economia_comercio/index.html]
[www.rincondelvago.com/educacion/index.html]
[www.rincondelvago.com/filosofia.html]
[www.rincondelvago.com/fisica_quimica.html]
[www.rincondelvago.com/geografia.html]
[www.rincondelvago.com/historia.html]
[www.rincondelvago.com/filosofia/index.html]
[www.rincondelvago.com/fisica_quimica/index.html]
[www.rincondelvago.com/idiomas_linguistica.html]
[www.rincondelvago.com/informatica.html]
[www.rincondelvago.com/geografia/index.html]
[www.rincondelvago.com/historia/index.html]
[www.rincondelvago.com/ingenieria.html]
[www.rincondelvago.com/literatura.html]
[www.rincondelvago.com/idiomas_linguistica/index.html]
[www.rincondelvago.com/informatica/index.html]
[www.rincondelvago.com/matematicas.html]
[www.rincondelvago.com/medicina_salud.html]
[www.rincondelvago.com/ingenieria/index.html]
[www.rincondelvago.com/literatura/index.html]
[www.rincondelvago.com/periodismo.html]
[www.rincondelvago.com/psicologia.html]
[www.rincondelvago.com/publicidad_relaciones_publicas.html]
[www.rincondelvago.com/sociologia_antropologia.html]
[www.rincondelvago.com/periodismo/index.html]
[www.rincondelvago.com/turismo.html]
[www.rincondelvago.com/psicologia/index.html]
[www.rincondelvago.com/publicidad_relaciones_publicas/index.html]
[www.rincondelvago.com/sociologia_antropologia/index.html]
[www.rincondelvago.com/varios.html]
[www.rincondelvago.com/turismo/index.html]
[www.rincondelvago.com/veterinaria.html]
[www.rincondelvago.com/docs/index.html]
[connect.facebook.net/en_US/sdk.js]
[www.rincondelvago.com/veterinaria/index.html]
[www.rincondelvago.com/index50a4.html]
[www.rincondelvago.com/indexd04d.html]
[rdv-files.nyc3.cdn.digitaloceanspaces.com/rinvago/static-content/pixel.gif]
[www.rincondelvago.com/revista/magazine/index.html]
[www.rincondelvago.com/revista/creaciones/index.html]
[www.rincondelvago.com/servicios/condiciones.html]
[img1.wsimg.com/parking-lander/static/css/1.9ffc3810.chunk.css]
[cdnjs.cloudflare.com/ajax/libs/select2/4.0.3/css/select2.min.css]
[connect.facebook.net/es_ES/all.js]
[www.rincondelvago.com/administracion_empresas/index.html]
[www.rincondelvago.com/agricultura/index.html]
[www.rincondelvago.com/alimentacion/index.html]
[www.rincondelvago.com/arquitectura_construccion/index.html]
[www.rincondelvago.com/arte_diseno_musica/index.html]
[www.rincondelvago.com/biologia/index.html]
[www.rincondelvago.com/ciencias_politicas/index.html]
[www.rincondelvago.com/cocina/index.html]
[www.rincondelvago.com/derecho/index.html]
[www.rincondelvago.com/ecologia/index.html]
[www.rincondelvago.com/economia_comercio/index.html]
[www.rincondelvago.com/educacion/index.html]
[www.rincondelvago.com/filosofia/index.html]
[www.rincondelvago.com/fisica_quimica/index.html]
[www.rincondelvago.com/geografia/index.html]
[www.rincondelvago.com/historia/index.html]
[www.rincondelvago.com/idiomas_linguistica/index.html]
[www.rincondelvago.com/informatica/index.html]
[www.rincondelvago.com/ingenieria/index.html]
[www.rincondelvago.com/literatura/index.html]
[www.rincondelvago.com/educacion_fisica_deporte/index.html]
[www.rincondelvago.com/electronica_mecanica/index.html]
[www.rincondelvago.com/estetica/index.html]
[www.rincondelvago.com/matematicas/index.html]
[www.rincondelvago.com/periodismo/index.html]
[www.rincondelvago.com/psicologia/index.html]
[www.rincondelvago.com/publicidad_relaciones_publicas/index.html]
[www.rincondelvago.com/sociologia_antropologia/index.html]
[www.rincondelvago.com/turismo/index.html]
[www.rincondelvago.com/veterinaria/index.html]
[www.rincondelvago.com/revista/magazine/index.html]
[www.rincondelvago.com/revista/creaciones/index.html]
[www.rincondelvago.com/educacion_fisica_deporte/index.html]
[www.rincondelvago.com/electronica_mecanica/index.html]
[www.rincondelvago.com/estetica/index.html]
[www.rincondelvago.com/matematicas/index.html]
[www.rincondelvago.com/varios/index.html]
[connect.facebook.net/en_US/fbevents.js]
[www.rincondelvago.com/index54d3.html]
[www.rincondelvago.com/varios/index.html]
[www.rincondelvago.com/index54d3.html]
[connect.facebook.net/en_US/fbevents.js]
[www.rincondelvago.com/medicina_salud/index.html]
[www.rincondelvago.com/revista/magazine/schema.org/index.html]
[img.rincondelvago.com/img/sprites.png]
